
> build
> vite build

[36mvite v5.4.21 [32mbuilding for production...[36m[39m
transforming...
[32mΓ£ô[39m 3 modules transformed.
npm : [31mx[39m 
Build failed in 201ms
At line:1 char:1
+ npm run build > 
build_error.log 2>&1
+ ~~~~~~~~~~~~~~~~~~~
~~~~~~~~~~~~~~~~~
    + CategoryInfo   
           : NotSpe  
  cified: ([31mx   
 [39m Build faile    
d in 201ms:Strin    
g) [], RemoteExc    
eption
    + FullyQualified 
   ErrorId : Native  
  CommandError
 
[31merror during 
build:
[31m[vite:css] 
Failed to load 
PostCSS config 
(searchPath: D:/larag
on/www/cnetpos): 
[Error] Loading 
PostCSS Plugin 
failed: Cannot find 
module 'tailwindcss'
Require stack:
- D:\laragon\www\cnet
pos\postcss.config.js

(@D:\laragon\www\cnet
pos\postcss.config.js
)
Error: Loading 
PostCSS Plugin 
failed: Cannot find 
module 'tailwindcss'
Require stack:
- D:\laragon\www\cnet
pos\postcss.config.js

(@D:\laragon\www\cnet
pos\postcss.config.js
)
    at load (file:///
D:/laragon/www/cnetpo
s/node_modules/vite/d
ist/node/chunks/dep-B
K3b2jBa.js:33632:11)
    at file:///D:/lar
agon/www/cnetpos/node
_modules/vite/dist/no
de/chunks/dep-BK3b2jB
a.js:33657:16
    at Array.map 
(<anonymous>)
    at plugins (file:
///D:/laragon/www/cne
tpos/node_modules/vit
e/dist/node/chunks/de
p-BK3b2jBa.js:33656:8
)
    at processResult 
(file:///D:/laragon/w
ww/cnetpos/node_modul
es/vite/dist/node/chu
nks/dep-BK3b2jBa.js:3
3726:14)
    at file:///D:/lar
agon/www/cnetpos/node
_modules/vite/dist/no
de/chunks/dep-BK3b2jB
a.js:33856:14[31m
file: [36mD:\laragon
\www\cnetpos\resource
s\css\admin.css[31m
[39m
